[    0.000000] Linux version 4.15.0-112-generic (buildd@lcy01-amd64-027) (gcc version 7.5.0 (Ubuntu 7.5.0-3ubuntu1~18.04)) #113-Ubuntu SMP Thu Jul 9 23:41:39 UTC 2020 (Ubuntu 4.15.0-112.113-generic 4.15.18)
[    0.000000] Command line: BOOT_IMAGE=/boot/vmlinuz-4.15.0-112-generic root=LABEL=cloudimg-rootfs ro console=tty1 console=ttyS0
[    0.000000] KERNEL supported cpus:
[    0.000000]   Intel GenuineIntel
[    0.000000]   AMD AuthenticAMD
[    0.000000]   Centaur CentaurHauls
[    0.000000] x86/fpu: Supporting XSAVE feature 0x001: 'x87 floating point registers'
[    0.000000] x86/fpu: Supporting XSAVE feature 0x002: 'SSE registers'
[    0.000000] x86/fpu: Supporting XSAVE feature 0x004: 'AVX registers'
[    0.000000] x86/fpu: xstate_offset[2]:  576, xstate_sizes[2]:  256
[    0.000000] x86/fpu: Enabled xstate features 0x7, context size is 832 bytes, using 'standard' format.
[    0.000000] e820: BIOS-provided physical RAM map:
[    0.000000] BIOS-e820: [mem 0x0000000000000000-0x000000000009fbff] usable
[    0.000000] BIOS-e820: [mem 0x000000000009fc00-0x000000000009ffff] reserved
[    0.000000] BIOS-e820: [mem 0x00000000000f0000-0x00000000000fffff] reserved
[    0.000000] BIOS-e820: [mem 0x0000000000100000-0x000000007ffeffff] usable
[    0.000000] BIOS-e820: [mem 0x000000007fff0000-0x000000007fffffff] ACPI data
[    0.000000] BIOS-e820: [mem 0x00000000fec00000-0x00000000fec00fff] reserved
[    0.000000] BIOS-e820: [mem 0x00000000fee00000-0x00000000fee00fff] reserved
[    0.000000] BIOS-e820: [mem 0x00000000fffc0000-0x00000000ffffffff] reserved
[    0.000000] NX (Execute Disable) protection: active
[    0.000000] SMBIOS 2.5 present.
[    0.000000] DMI: innotek GmbH VirtualBox/VirtualBox, BIOS VirtualBox 12/01/2006
[    0.000000] Hypervisor detected: KVM
[    0.000000] e820: last_pfn = 0x7fff0 max_arch_pfn = 0x400000000
[    0.000000] MTRR: Disabled
[    0.000000] x86/PAT: MTRRs disabled, skipping PAT initialization too.
[    0.000000] CPU MTRRs all blank - virtualized system.
[    0.000000] x86/PAT: Configuration [0-7]: WB  WT  UC- UC  WB  WT  UC- UC  
[    0.000000] found SMP MP-table at [mem 0x0009fff0-0x0009ffff]
[    0.000000] Scanning 1 areas for low memory corruption
[    0.000000] RAMDISK: [mem 0x35a6b000-0x36d2cfff]
[    0.000000] ACPI: Early table checksum verification disabled
[    0.000000] ACPI: RSDP 0x00000000000E0000 000024 (v02 VBOX  )
[    0.000000] ACPI: XSDT 0x000000007FFF0030 00003C (v01 VBOX   VBOXXSDT 00000001 ASL  00000061)
[    0.000000] ACPI: FACP 0x000000007FFF00F0 0000F4 (v04 VBOX   VBOXFACP 00000001 ASL  00000061)
[    0.000000] ACPI: DSDT 0x000000007FFF0470 0021FF (v02 VBOX   VBOXBIOS 00000002 INTL 20180105)
[    0.000000] ACPI: FACS 0x000000007FFF0200 000040
[    0.000000] ACPI: FACS 0x000000007FFF0200 000040
[    0.000000] ACPI: APIC 0x000000007FFF0240 00005C (v02 VBOX   VBOXAPIC 00000001 ASL  00000061)
[    0.000000] ACPI: SSDT 0x000000007FFF02A0 0001CC (v01 VBOX   VBOXCPUT 00000002 INTL 20180105)
[    0.000000] No NUMA configuration found
[    0.000000] Faking a node at [mem 0x0000000000000000-0x000000007ffeffff]
[    0.000000] NODE_DATA(0) allocated [mem 0x7ffc5000-0x7ffeffff]
[    0.000000] kvm-clock: cpu 0, msr 0:7ff44001, primary cpu clock
[    0.000000] kvm-clock: Using msrs 4b564d01 and 4b564d00
[    0.000000] kvm-clock: using sched offset of 3536187511 cycles
[    0.000000] clocksource: kvm-clock: mask: 0xffffffffffffffff max_cycles: 0x1cd42e4dffb, max_idle_ns: 881590591483 ns
[    0.000000] Zone ranges:
[    0.000000]   DMA      [mem 0x0000000000001000-0x0000000000ffffff]
[    0.000000]   DMA32    [mem 0x0000000001000000-0x000000007ffeffff]
[    0.000000]   Normal   empty
[    0.000000]   Device   empty
[    0.000000] Movable zone start for each node
[    0.000000] Early memory node ranges
[    0.000000]   node   0: [mem 0x0000000000001000-0x000000000009efff]
[    0.000000]   node   0: [mem 0x0000000000100000-0x000000007ffeffff]
[    0.000000] Reserved but unavailable: 98 pages
[    0.000000] Initmem setup node 0 [mem 0x0000000000001000-0x000000007ffeffff]
[    0.000000] ACPI: PM-Timer IO Port: 0x4008
[    0.000000] IOAPIC[0]: apic_id 2, version 32, address 0xfec00000, GSI 0-23
[    0.000000] ACPI: INT_SRC_OVR (bus 0 bus_irq 0 global_irq 2 dfl dfl)
[    0.000000] ACPI: INT_SRC_OVR (bus 0 bus_irq 9 global_irq 9 low level)
[    0.000000] Using ACPI (MADT) for SMP configuration information
[    0.000000] smpboot: Allowing 2 CPUs, 0 hotplug CPUs
[    0.000000] PM: Registered nosave memory: [mem 0x00000000-0x00000fff]
[    0.000000] PM: Registered nosave memory: [mem 0x0009f000-0x0009ffff]
[    0.000000] PM: Registered nosave memory: [mem 0x000a0000-0x000effff]
[    0.000000] PM: Registered nosave memory: [mem 0x000f0000-0x000fffff]
[    0.000000] e820: [mem 0x80000000-0xfebfffff] available for PCI devices
[    0.000000] Booting paravirtualized kernel on KVM
[    0.000000] clocksource: refined-jiffies: mask: 0xffffffff max_cycles: 0xffffffff, max_idle_ns: 7645519600211568 ns
[    0.000000] random: get_random_bytes called from start_kernel+0x99/0x500 with crng_init=0
[    0.000000] setup_percpu: NR_CPUS:8192 nr_cpumask_bits:2 nr_cpu_ids:2 nr_node_ids:1
[    0.000000] percpu: Embedded 45 pages/cpu s147456 r8192 d28672 u1048576
[    0.000000] PV qspinlock hash table entries: 256 (order: 0, 4096 bytes)
[    0.000000] Built 1 zonelists, mobility grouping on.  Total pages: 515961
[    0.000000] Policy zone: DMA32
[    0.000000] Kernel command line: BOOT_IMAGE=/boot/vmlinuz-4.15.0-112-generic root=LABEL=cloudimg-rootfs ro console=tty1 console=ttyS0
[    0.000000] Memory: 2015236K/2096696K available (12300K kernel code, 2481K rwdata, 4272K rodata, 2436K init, 2720K bss, 81460K reserved, 0K cma-reserved)
[    0.000000] SLUB: HWalign=64, Order=0-3, MinObjects=0, CPUs=2, Nodes=1
[    0.000000] Kernel/User page tables isolation: enabled
[    0.000000] ftrace: allocating 39378 entries in 154 pages
[    0.004000] Hierarchical RCU implementation.
[    0.004000] 	RCU restricting CPUs from NR_CPUS=8192 to nr_cpu_ids=2.
[    0.004000] 	Tasks RCU enabled.
[    0.004000] RCU: Adjusting geometry for rcu_fanout_leaf=16, nr_cpu_ids=2
[    0.004000] NR_IRQS: 524544, nr_irqs: 440, preallocated irqs: 16
[    0.004000] Console: colour VGA+ 80x25
[    0.004000] console [tty1] enabled
[    0.004000] console [ttyS0] enabled
[    0.004000] ACPI: Core revision 20170831
[    0.004000] ACPI: 2 ACPI AML tables successfully acquired and loaded
[    0.004000] APIC: Switch to symmetric I/O mode setup
[    0.004000] x2apic enabled
[    0.004000] Switched APIC routing to physical x2apic.
[    0.004000] ..TIMER: vector=0x30 apic1=0 pin1=2 apic2=-1 pin2=-1
[    0.004005] tsc: Detected 2399.986 MHz processor
[    0.004974] Calibrating delay loop (skipped) preset value.. 4799.97 BogoMIPS (lpj=9599944)
[    0.005734] pid_max: default: 32768 minimum: 301
[    0.008034] Security Framework initialized
[    0.008932] Yama: becoming mindful.
[    0.009784] AppArmor: AppArmor initialized
[    0.011787] Dentry cache hash table entries: 262144 (order: 9, 2097152 bytes)
[    0.012799] Inode-cache hash table entries: 131072 (order: 8, 1048576 bytes)
[    0.016025] Mount-cache hash table entries: 4096 (order: 3, 32768 bytes)
[    0.017787] Mountpoint-cache hash table entries: 4096 (order: 3, 32768 bytes)
[    0.020279] Last level iTLB entries: 4KB 64, 2MB 8, 4MB 8
[    0.024002] Last level dTLB entries: 4KB 64, 2MB 0, 4MB 0, 1GB 4
[    0.025261] Spectre V1 : Mitigation: usercopy/swapgs barriers and __user pointer sanitization
[    0.028002] Spectre V2 : Mitigation: Full generic retpoline
[    0.029197] Spectre V2 : Spectre v2 / SpectreRSB mitigation: Filling RSB on context switch
[    0.032001] Speculative Store Bypass: Vulnerable
[    0.033053] SRBDS: Unknown: Dependent on hypervisor status
[    0.034238] MDS: Mitigation: Clear CPU buffers
[    0.035396] Freeing SMP alternatives memory: 36K
[    0.146507] smpboot: CPU0: Intel(R) Core(TM) i5-6200U CPU @ 2.30GHz (family: 0x6, model: 0x4e, stepping: 0x3)
[    0.148000] Performance Events: unsupported p6 CPU model 78 no PMU driver, software events only.
[    0.148039] Hierarchical SRCU implementation.
[    0.149620] NMI watchdog: Perf event create on CPU 0 failed with -2
[    0.152002] NMI watchdog: Perf NMI watchdog permanently disabled
[    0.153293] smp: Bringing up secondary CPUs ...
[    0.154366] x86: Booting SMP configuration:
[    0.155248] .... node  #0, CPUs:      #1
[    0.004000] kvm-clock: cpu 1, msr 0:7ff44041, secondary cpu clock
[    0.160020] smp: Brought up 1 node, 2 CPUs
[    0.160768] smpboot: Max logical packages: 1
[    0.161558] smpboot: Total of 2 processors activated (9599.94 BogoMIPS)
[    0.162841] devtmpfs: initialized
[    0.162841] x86/mm: Memory block size: 128MB
[    0.164237] evm: security.selinux
[    0.164923] evm: security.SMACK64
[    0.165566] evm: security.SMACK64EXEC
[    0.166225] evm: security.SMACK64TRANSMUTE
[    0.166983] evm: security.SMACK64MMAP
[    0.168003] evm: security.apparmor
[    0.168697] evm: security.ima
[    0.169273] evm: security.capability
[    0.169986] clocksource: jiffies: mask: 0xffffffff max_cycles: 0xffffffff, max_idle_ns: 7645041785100000 ns
[    0.172009] futex hash table entries: 512 (order: 3, 32768 bytes)
[    0.176065] pinctrl core: initialized pinctrl subsystem
[    0.177092] RTC time: 19:21:30, date: 09/19/20
[    0.178062] NET: Registered protocol family 16
[    0.178945] audit: initializing netlink subsys (disabled)
[    0.180032] audit: type=2000 audit(1600543294.951:1): state=initialized audit_enabled=0 res=1
[    0.181540] cpuidle: using governor ladder
[    0.181540] cpuidle: using governor menu
[    0.181555] ACPI: bus type PCI registered
[    0.184004] acpiphp: ACPI Hot Plug PCI Controller Driver version: 0.5
[    0.185208] PCI: Using configuration type 1 for base access
[    0.188068] HugeTLB registered 2.00 MiB page size, pre-allocated 0 pages
[    0.189682] ACPI: Added _OSI(Module Device)
[    0.189682] ACPI: Added _OSI(Processor Device)
[    0.192003] ACPI: Added _OSI(3.0 _SCP Extensions)
[    0.193277] ACPI: Added _OSI(Processor Aggregator Device)
[    0.194641] ACPI: Added _OSI(Linux-Dell-Video)
[    0.196003] ACPI: Added _OSI(Linux-Lenovo-NV-HDMI-Audio)
[    0.197198] ACPI: Added _OSI(Linux-HPI-Hybrid-Graphics)
[    0.198914] ACPI: Executed 1 blocks of module-level executable AML code
[    0.205448] ACPI: Interpreter enabled
[    0.208035] ACPI: (supports S0 S5)
[    0.212006] ACPI: Using IOAPIC for interrupt routing
[    0.216267] PCI: Using host bridge windows from ACPI; if necessary, use "pci=nocrs" and report a bug
[    0.220176] ACPI: Enabled 2 GPEs in block 00 to 07
[    0.227226] ACPI: PCI Root Bridge [PCI0] (domain 0000 [bus 00-ff])
[    0.228008] acpi PNP0A03:00: _OSC: OS supports [ASPM ClockPM Segments MSI]
[    0.229452] acpi PNP0A03:00: _OSC: not requesting OS control; OS requires [ExtendedConfig ASPM ClockPM MSI]
[    0.232014] acpi PNP0A03:00: fail to add MMCONFIG information, can't access extended PCI configuration space under this bridge.
[    0.234645] PCI host bridge to bus 0000:00
[    0.235529] pci_bus 0000:00: root bus resource [io  0x0000-0x0cf7 window]
[    0.236003] pci_bus 0000:00: root bus resource [io  0x0d00-0xffff window]
[    0.237379] pci_bus 0000:00: root bus resource [mem 0x000a0000-0x000bffff window]
[    0.240003] pci_bus 0000:00: root bus resource [mem 0x80000000-0xfdffffff window]
[    0.241589] pci_bus 0000:00: root bus resource [bus 00-ff]
[    0.244564] pci 0000:00:01.1: legacy IDE quirk: reg 0x10: [io  0x01f0-0x01f7]
[    0.246016] pci 0000:00:01.1: legacy IDE quirk: reg 0x14: [io  0x03f6]
[    0.247378] pci 0000:00:01.1: legacy IDE quirk: reg 0x18: [io  0x0170-0x0177]
[    0.248003] pci 0000:00:01.1: legacy IDE quirk: reg 0x1c: [io  0x0376]
[    0.284631] pci 0000:00:07.0: quirk: [io  0x4000-0x403f] claimed by PIIX4 ACPI
[    0.288029] pci 0000:00:07.0: quirk: [io  0x4100-0x410f] claimed by PIIX4 SMB
[    0.317381] ACPI: PCI Interrupt Link [LNKA] (IRQs 5 9 10 *11)
[    0.318941] ACPI: PCI Interrupt Link [LNKB] (IRQs 5 9 *10 11)
[    0.320117] ACPI: PCI Interrupt Link [LNKC] (IRQs 5 *9 10 11)
[    0.321453] ACPI: PCI Interrupt Link [LNKD] (IRQs 5 9 10 *11)
[    0.322986] SCSI subsystem initialized
[    0.324057] pci 0000:00:02.0: vgaarb: setting as boot VGA device
[    0.325199] pci 0000:00:02.0: vgaarb: VGA device added: decodes=io+mem,owns=io+mem,locks=none
[    0.326874] pci 0000:00:02.0: vgaarb: bridge control possible
[    0.328003] vgaarb: loaded
[    0.328633] ACPI: bus type USB registered
[    0.329456] usbcore: registered new interface driver usbfs
[    0.330540] usbcore: registered new interface driver hub
[    0.331611] usbcore: registered new device driver usb
[    0.332072] EDAC MC: Ver: 3.0.0
[    0.332933] PCI: Using ACPI for IRQ routing
[    0.333174] NetLabel: Initializing
[    0.334992] NetLabel:  domain hash size = 128
[    0.336004] NetLabel:  protocols = UNLABELED CIPSOv4 CALIPSO
[    0.337134] NetLabel:  unlabeled traffic allowed by default
[    0.340202] clocksource: Switched to clocksource kvm-clock
[    0.354849] VFS: Disk quotas dquot_6.6.0
[    0.355718] VFS: Dquot-cache hash table entries: 512 (order 0, 4096 bytes)
[    0.357151] AppArmor: AppArmor Filesystem Enabled
[    0.358109] pnp: PnP ACPI init
[    0.359750] pnp: PnP ACPI: found 3 devices
[    0.370503] clocksource: acpi_pm: mask: 0xffffff max_cycles: 0xffffff, max_idle_ns: 2085701024 ns
[    0.372098] NET: Registered protocol family 2
[    0.373650] TCP established hash table entries: 16384 (order: 5, 131072 bytes)
[    0.375191] TCP bind hash table entries: 16384 (order: 6, 262144 bytes)
[    0.376587] TCP: Hash tables configured (established 16384 bind 16384)
[    0.378591] UDP hash table entries: 1024 (order: 3, 32768 bytes)
[    0.379819] UDP-Lite hash table entries: 1024 (order: 3, 32768 bytes)
[    0.381169] NET: Registered protocol family 1
[    0.382044] pci 0000:00:00.0: Limiting direct PCI/PCI transfers
[    0.383221] pci 0000:00:0.0: Activating ISA DMA hang workarounds
[    0.408591] pci 0000:00:02.0: Video device with shadowed ROM at [mem 0x000c0000-0x000dffff]
[    0.410301] Unpacking initramfs...

[    0.737874] Freeing initrd memory: 19208K
[    0.740981] clocksource: tsc: mask: 0xffffffffffffffff max_cycles: 0x22982a51ec9, max_idle_ns: 440795223827 ns
[    0.742954] platform rtc_cmos: registered platform RTC device (no PNP device found)
[    0.745554] Scanning for low memory corruption every 60 seconds
[    0.747361] Initialise system trusted keyrings
[    0.748323] Key type blacklist registered
[    0.749213] workingset: timestamp_bits=36 max_order=19 bucket_order=0
[    0.751513] zbud: loaded
[    0.763625] squashfs: version 4.0 (2009/01/31) Phillip Lougher
[    0.770826] fuse init (API version 7.26)
[    0.780170] Key type asymmetric registered
[    0.781186] Asymmetric key parser 'x509' registered
[    0.782418] Block layer SCSI generic (bsg) driver version 0.4 loaded (major 246)
[    0.784273] io scheduler noop registered
[    0.785206] io scheduler deadline registered
[    0.786237] io scheduler cfq registered (default)
[    0.814505] ACPI: AC Adapter [AC] (off-line)
[    0.816784] input: Power Button as /devices/LNXSYSTM:00/LNXPWRBN:00/input/input0
[    0.824032] ACPI: Power Button [PWRF]
[    0.825135] input: Sleep Button as /devices/LNXSYSTM:00/LNXSLPBN:00/input/input1
[    0.834068] ACPI: Sleep Button [SLPF]
[    0.836208] Serial: 8250/16550 driver, 32 ports, IRQ sharing enabled
[    0.836529] ACPI: Battery Slot [BAT0] (battery present)
[    0.898108] 00:02: ttyS0 at I/O 0x3f8 (irq = 4, base_baud = 115200) is a 16550A
[    0.904649] Linux agpgart interface v0.103
[    0.907607] loop: module loaded
[    0.909025] scsi host0: ata_piix
[    0.909924] scsi host1: ata_piix
[    0.910698] ata1: PATA max UDMA/33 cmd 0x1f0 ctl 0x3f6 bmdma 0xd000 irq 14
[    0.912101] ata2: PATA max UDMA/33 cmd 0x170 ctl 0x376 bmdma 0xd008 irq 15
[    0.913639] libphy: Fixed MDIO Bus: probed
[    0.918727] tun: Universal TUN/TAP device driver, 1.6
[    0.919761] PPP generic driver version 2.4.2
[    0.920693] ehci_hcd: USB 2.0 'Enhanced' Host Controller (EHCI) Driver
[    0.921973] ehci-pci: EHCI PCI platform driver
[    0.922879] ehci-platform: EHCI generic platform driver
[    0.923948] ohci_hcd: USB 1.1 'Open' Host Controller (OHCI) Driver
[    0.925147] ohci-pci: OHCI PCI platform driver
[    0.926041] ohci-platform: OHCI generic platform driver
[    0.927091] uhci_hcd: USB Universal Host Controller Interface driver
[    0.928408] i8042: PNP: PS/2 Controller [PNP0303:PS2K,PNP0f03:PS2M] at 0x60,0x64 irq 1,12
[    0.930599] serio: i8042 KBD port at 0x60,0x64 irq 1
[    0.931685] serio: i8042 AUX port at 0x60,0x64 irq 12
[    0.932832] mousedev: PS/2 mouse device common for all mice
[    0.934241] input: AT Translated Set 2 keyboard as /devices/platform/i8042/serio0/input/input2
[    0.936406] rtc_cmos rtc_cmos: rtc core: registered rtc_cmos as rtc0
[    0.937774] rtc_cmos rtc_cmos: alarms up to one day, 114 bytes nvram
[    0.939086] i2c /dev entries driver
[    0.939930] device-mapper: uevent: version 1.0.3
[    0.964759] device-mapper: ioctl: 4.37.0-ioctl (2017-09-20) initialised: dm-devel@redhat.com
[    0.966594] ledtrig-cpu: registered to indicate activity on CPUs
[    0.968341] NET: Registered protocol family 10
[    0.974168] Segment Routing with IPv6
[    0.975045] NET: Registered protocol family 17
[    0.976087] Key type dns_resolver registered
[    0.977203] mce: Using 0 MCE banks
[    0.977987] RAS: Correctable Errors collector initialized.
[    0.979164] sched_clock: Marking stable (977130637, 0)->(1319909180, -342778543)
[    0.981056] registered taskstats version 1
[    0.981962] Loading compiled-in X.509 certificates
[    0.985893] Loaded X.509 cert 'Build time autogenerated kernel key: 1d4b83cbc5f7a3cd7e4471a5cf69d65d9314bdf5'
[    1.004870] zswap: loaded using pool lzo/zbud
[    1.018969] Key type big_key registered
[    1.019881] Key type trusted registered
[    1.022932] Key type encrypted registered
[    1.033854] AppArmor: AppArmor sha1 policy hashing enabled
[    1.035057] ima: No TPM chip found, activating TPM-bypass! (rc=-19)
[    1.036406] ima: Allocated hash algorithm: sha1
[    1.037390] evm: HMAC attrs: 0x1
[    1.038308]   Magic number: 4:286:395
[    1.039115] pci 0000:00:07.0: hash matches
[    1.040053] rtc_cmos rtc_cmos: setting system clock to 2020-09-19 19:21:30 UTC (1600543290)
[    1.041797] BIOS EDD facility v0.16 2004-Jun-25, 0 devices found
[    1.042996] EDD information not available.
[    1.074824] Freeing unused kernel image memory: 2436K
[    1.092077] Write protecting the kernel read-only data: 20480k
[    1.094244] Freeing unused kernel image memory: 2008K
[    1.099576] Freeing unused kernel image memory: 1872K
[    1.108081] x86/mm: Checked W+X mappings: passed, no W+X pages found.
[    1.124308] x86/mm: Checking user space page tables
[    1.132526] x86/mm: Checked W+X mappings: passed, no W+X pages found.
Loading, please wait...
starting version 237
[    1.215288] e1000: Intel(R) PRO/1000 Network Driver - version 7.3.21-k8-NAPI
[    1.217854] e1000: Copyright (c) 1999-2006 Intel Corporation.
[    1.256002] Fusion MPT base driver 3.04.20
[    1.257492] Copyright (c) 1999-2008 LSI Corporation
[    1.261611] AVX2 version of gcm_enc/dec engaged.
[    1.262812] AES CTR mode by8 optimization enabled
[    1.274045] Fusion MPT SPI Host driver 3.04.20
[    1.457440] input: ImExPS/2 Generic Explorer Mouse as /devices/platform/i8042/serio1/input/input4
[    1.622171] e1000 0000:00:03.0 eth0: (PCI:33MHz:32-bit) 02:b5:22:41:d5:db
[    1.626623] e1000 0000:00:03.0 eth0: Intel(R) PRO/1000 Network Connection
[    2.008302] e1000 0000:00:08.0 eth1: (PCI:33MHz:32-bit) 08:00:27:ee:78:c8
[    2.009751] e1000 0000:00:08.0 eth1: Intel(R) PRO/1000 Network Connection
[    2.012380] e1000 0000:00:03.0 enp0s3: renamed from eth0
[    2.014308] mptbase: ioc0: Initiating bringup
[    2.028448] e1000 0000:00:08.0 enp0s8: renamed from eth1
[    2.113449] ioc0: LSI53C1030 A0: Capabilities={Initiator}
[    2.363123] scsi host2: ioc0: LSI53C1030 A0, FwRev=00000000h, Ports=1, MaxQ=256, IRQ=20
[    2.533416] scsi 2:0:0:0: Direct-Access     VBOX     HARDDISK         1.0  PQ: 0 ANSI: 5
[    2.750849] scsi target2:0:0: Beginning Domain Validation
[    2.778960] scsi target2:0:0: Domain Validation skipping write tests
[    2.780214] scsi target2:0:0: Ending Domain Validation
[    2.781282] scsi target2:0:0: asynchronous
[    2.782430] scsi 2:0:1:0: Direct-Access     VBOX     HARDDISK         1.0  PQ: 0 ANSI: 5
[    3.154163] scsi target2:0:1: Beginning Domain Validation
[    3.159838] random: fast init done
[    3.162806] scsi target2:0:1: Domain Validation skipping write tests
[    3.166864] scsi target2:0:1: Ending Domain Validation
[    3.170334] scsi target2:0:1: asynchronous
[    3.182425] random: systemd-udevd: uninitialized urandom read (16 bytes read)
[    3.183009] sd 2:0:0:0: [sda] 20971520 512-byte logical blocks: (10.7 GB/10.0 GiB)
[    3.186641] random: systemd-udevd: uninitialized urandom read (16 bytes read)
[    3.204661] sd 2:0:0:0: Attached scsi generic sg0 type 0
[    3.206138] random: systemd-udevd: uninitialized urandom read (16 bytes read)
[    3.207509] sd 2:0:1:0: [sdb] 20480 512-byte logical blocks: (10.5 MB/10.0 MiB)
[    3.213139] sd 2:0:0:0: [sda] Write Protect is off
[    3.213187] sd 2:0:1:0: [sdb] Write Protect is off
[    3.220562] sd 2:0:1:0: Attached scsi generic sg1 type 0
[    3.221861] sd 2:0:0:0: [sda] Incomplete mode parameter data
[    3.223267] sd 2:0:0:0: [sda] Assuming drive cache: write through
[    3.225227] sd 2:0:1:0: [sdb] Incomplete mode parameter data
[    3.226618] sd 2:0:1:0: [sdb] Assuming drive cache: write through
[    3.229257]  sda: sda1
[    3.230912] sd 2:0:0:0: [sda] Attached SCSI disk
[    3.232652] sd 2:0:1:0: [sdb] Attached SCSI disk
Begin: Loading essential drivers ... [    4.728041] raid6: sse2x1   gen()  8912 MB/s
[    4.848063] raid6: sse2x1   xor()  6879 MB/s
[    4.896067] raid6: sse2x2   gen() 10220 MB/s
[    4.948030] raid6: sse2x2   xor()  7736 MB/s
[    4.996032] raid6: sse2x4   gen() 11868 MB/s
[    5.044021] raid6: sse2x4   xor()  8208 MB/s
[    5.092030] raid6: avx2x1   gen() 17630 MB/s
[    5.140029] raid6: avx2x1   xor() 13316 MB/s
[    5.188052] raid6: avx2x2   gen() 19874 MB/s
[    5.236039] raid6: avx2x2   xor()  8744 MB/s
[    5.288050] raid6: avx2x4   gen() 19635 MB/s
[    5.356056] raid6: avx2x4   xor() 15614 MB/s
[    5.357114] raid6: using algorithm avx2x2 gen() 19874 MB/s
[    5.358564] raid6: .... xor() 8744 MB/s, rmw enabled
[    5.359895] raid6: using avx2x2 recovery algorithm
[    5.362678] xor: automatically using best checksumming function   avx       
[    5.365920] async_tx: api initialized (async)
done.
Begin: Running /scripts/init-premount ... done.
Begin: Mounting root file system ... Begin: Running /scripts/local-top ... done.
Begin: Running /scripts/local-premount ... [    5.420989] Btrfs loaded, crc32c=crc32c-intel
Scanning for Btrfs filesystems
done.
Warning: fsck no[    5.453198] EXT4-fs (sda1): mounted filesystem with ordered data mode. Opts: (null)
t present, so skipping root file system
done.
Begin: Running /scripts/local-bottom ... done.
Begin: Running /scripts/init-bottom ... done.
[    5.686864] ip_tables: (C) 2000-2006 Netfilter Core Team
[    5.714834] systemd[1]: systemd 237 running in system mode. (+PAM +AUDIT +SELINUX +IMA +APPARMOR +SMACK +SYSVINIT +UTMP +LIBCRYPTSETUP +GCRYPT +GNUTLS +ACL +XZ +LZ4 +SECCOMP +BLKID +ELFUTILS +KMOD -IDN2 +IDN -PCRE2 default-hierarchy=hybrid)
[    5.719025] systemd[1]: Detected virtualization oracle.
[    5.720099] systemd[1]: Detected architecture x86-64.

Welcome to [1mUbuntu 18.04.5 LTS[0m!

[    5.727474] systemd[1]: Set hostname to <bookshelf>.
[    6.073879] systemd[1]: Started Forward Password Requests to Wall Directory Watch.
[[0;32m  OK  [0m] Started Forward Password Requests to Wall Directory Watch.
[    6.198560] systemd[1]: Created slice User and Session Slice.
[[0;32m  OK  [0m] Created slice User and Session Slice.
[    6.216844] systemd[1]: Created slice System Slice.
[[0;32m  OK  [0m] Created slice System Slice.
[    6.219339] systemd[1]: Listening on Journal Socket.
[[0;32m  OK  [0m] Listening on Journal Socket.
[    6.222738] systemd[1]: Mounting Huge Pages File System...
         Mounting Huge Pages File System...
[    6.245694] systemd[1]: Created slice system-serial\x2dgetty.slice.
[[0;32m  OK  [0m] Created slice system-serial\x2dgetty.slice.
[[0;32m  OK  [0m] Listening on Device-mapper event daemon FIFOs.
[[0;32m  OK  [0m] Listening on Network Service Netlink Socket.
[[0;32m  OK  [0m] Listening on /dev/initctl Compatibility Named Pipe.
         Starting Set the console keyboard layout...
         Starting Uncomplicated firewall...
[[0;32m  OK  [0m] Listening on LVM2 poll daemon socket.
         Starting Load Kernel Modules...
[[0;32m  OK  [0m] Listening on udev Control Socket.
[[0;32m  OK  [0m] Listening on udev Kernel Socket.
[[0;32m  OK  [0m] Listening on Journal Socket (/dev/log).
         [    6.298558] Loading iSCSI transport class v2.0-870.
Starting Create list of required stâ€¦ce nodes for the current kernel...
[[0;32m  OK  [0m] Listening on Syslog Socket.
[[0;32m  OK  [0m] Reached target System Time Synchronized.
[    6.386932] iscsi: registered transport (tcp)
         Starting Remount Root and Kernel File Systems...
[[0;32m  OK  [0m] Reached target User and Group Name Lookups.
         Mounting Kernel Debug File System...
[[0;32m  OK  [0m] Listening on Journal Audit Socket.
         Starting Journal Service...
[    6.409082] iscsi: registered transport (iser)
         Starting udev Coldplug all Devices...
[[0;32m  OK  [0m] Reached target Slices.
[[0;32m  OK  [0m] Listening on LVM2 metadata daemon socket.
         Starting Monitoring of LVM2 mirrorsâ€¦ng dmeventd or progress polling...
[[0;32m  OK  [0m] Reached target Swap.
         Mounting POSIX Message Queue File System...
[[0;32m  OK  [0m] Set up automount Arbitrary Executabâ€¦rmats File System Automount Point.
[    6.475671] EXT4-fs (sda1): re-mounted. Opts: (null)
[[0;32m  OK  [0m] Started Journal Service.
[[0;32m  OK  [0m] Mounted Huge Pages File System.
[[0;32m  OK  [0m] Started Uncomplicated firewall.
[[0;32m  OK  [0m] Started Load Kernel Modules.
[[0;32m  OK  [0m] Started Create list of required staâ€¦vice nodes for the current kernel.
[[0;32m  OK  [0m] Started Remount Root and Kernel File Systems.
[[0;32m  OK  [0m] Mounted Kernel Debug File System.
[[0;32m  OK  [0m] Mounted POSIX Message Queue File System.
[[0;32m  OK  [0m] Started Set the console keyboard layout.
[[0;32m  OK  [0m] Started LVM2 metadata daemon.
         Starting Load/Save Random Seed...
         Starting Create Static Device Nodes in /dev...
         Starting Apply Kernel Variables...
         Mounting FUSE Control File System...
         Mounting Kernel Configuration File System...
         Starting Flush Journal to Persistent Storage...
[[0;32m  OK  [0m] Mounted FUSE Control File System.
[[0;32m  OK  [0m] Started Load/Save Random Seed.
[[0;32m  OK  [0m] Mounted Kernel Configuration File System.
[[0;32m  OK  [0m] Started udev Coldplug all Devices.
[[0;32m  OK  [0m] Started Create Static Device Nodes in /dev.
         Starting udev Kernel Device Manager...
[[0;32m  OK  [0m] Started Monitoring of LVM2 mirrors,â€¦sing dmeventd or progress polling.
[[0;32m  OK  [0m] Started Apply Kernel Variables.
[[0;32m  OK  [0m] Reached target Local File Systems (Pre).
[[0;32m  OK  [0m] Reached target Local File Systems.
         Starting AppArmor initialization...
         Starting ebtables ruleset management...
         Starting Set console font and keymap...
         Starting Tell Plymouth To Write Out Runtime Data...
[[0;32m  OK  [0m] Started udev Kernel Device Manager.
[[0;32m  OK  [0m] Started Dispatch Password Requests to Console Directory Watch.
[[0;32m  OK  [0m] Reached target Local Encrypted Volumes.
[[0;32m  OK  [0m] Started Set console font and keymap.
[[0;32m  OK  [0m] Started Tell Plymouth To Write Out Runtime Data.
[[0;32m  OK  [0m] Started Flush Journal to Persistent Storage.
         Starting Create Volatile Files and Directories...
[[0;32m  OK  [0m] Started Create Volatile Files and Directories.
[[0;32m  OK  [0m] Started ebtables ruleset management.
         Starting Update UTMP about System Boot/Shutdown...
[[0;32m  OK  [0m] Started Update UTMP about System Boot/Shutdown.
[[0;32m  OK  [0m] Found device /dev/ttyS0.
[[0;32m  OK  [0m] Listening on Load/Save RF Kill Switch Status /dev/rfkill Watch.
[[0;32m  OK  [0m] Started AppArmor initialization.
         Starting Load AppArmor profiles managed internally by snapd...
         Starting Initial cloud-init job (pre-networking)...
[[0;32m  OK  [0m] Started Load AppArmor profiles managed internally by snapd.
[    8.481882] cloud-init[536]: Cloud-init v. 20.2-45-g5f7825e2-0ubuntu1~18.04.1 running 'init-local' at Sat, 19 Sep 2020 19:21:37 +0000. Up 8.27 seconds.
[[0;32m  OK  [0m] Started Initial cloud-init job (pre-networking).
[[0;32m  OK  [0m] Reached target Network (Pre).
         Starting Network Service...
[[0;32m  OK  [0m] Started Network Service.
         Starting Network Name Resolution...
         Starting Wait for Network to be Configured...
[[0;32m  OK  [0m] Started Network Name Resolution.
[[0;32m  OK  [0m] Reached target Network.
[[0;32m  OK  [0m] Reached target Host and Network Name Lookups.
[[0;32m  OK  [0m] Started Wait for Network to be Configured.
         Starting Initial cloud-init job (metadata service crawler)...
[   10.516521] cloud-init[663]: Cloud-init v. 20.2-45-g5f7825e2-0ubuntu1~18.04.1 running 'init' at Sat, 19 Sep 2020 19:21:39 +0000. Up 10.36 seconds.
[   10.526700] cloud-init[663]: ci-info: ++++++++++++++++++++++++++++++++++++++Net device info+++++++++++++++++++++++++++++++++++++++
[   10.529089] cloud-init[663]: ci-info: +--------+------+-----------------------------+---------------+--------+-------------------+
[   10.532174] cloud-init[663]: ci-info: | Device |  Up  |           Address           |      Mask     | Scope  |     Hw-Address    |
[   10.537186] cloud-init[663]: ci-info: +--------+------+-----------------------------+---------------+--------+-------------------+
[   10.563197] cloud-init[663]: ci-info: | enp0s3 | True |          10.0.2.15          | 255.255.255.0 | global | 02:b5:22:41:d5:db |
[   10.566170] cloud-init[663]: ci-info: | enp0s3 | True |  fe80::b5:22ff:fe41:d5db/64 |       .       |  link  | 02:b5:22:41:d5:db |
[   10.568468] cloud-init[663]: ci-info: | enp0s8 | True |        192.168.20.110       | 255.255.255.0 | global | 08:00:27:ee:78:c8 |
[   10.570666] cloud-init[663]: ci-info: | enp0s8 | True | fe80::a00:27ff:feee:78c8/64 |       .       |  link  | 08:00:27:ee:78:c8 |
[   10.572618] cloud-init[663]: ci-info: |   lo   | True |          127.0.0.1          |   255.0.0.0   |  host  |         .         |
[   10.574435] cloud-init[663]: ci-info: |   lo   | True |           ::1/128           |       .       |  host  |         .         |
[   10.576231] cloud-init[663]: ci-info: +--------+------+-----------------------------+---------------+--------+-------------------+
[   10.577943] cloud-init[663]: ci-info: +++++++++++++++++++++++++++++Route IPv4 info+++++++++++++++++++++++++++++
[   10.579423] cloud-init[663]: ci-info: +-------+--------------+----------+-----------------+-----------+-------+
[   10.580885] cloud-init[663]: ci-info: | Route | Destination  | Gateway  |     Genmask     | Interface | Flags |
[   10.582357] cloud-init[663]: ci-info: +-------+--------------+----------+-----------------+-----------+-------+
[   10.600212] cloud-init[663]: ci-info: |   0   |   0.0.0.0    | 10.0.2.2 |     0.0.0.0     |   enp0s3  |   UG  |
[   10.618696] cloud-init[663]: ci-info: |   1   |   10.0.2.0   | 0.0.0.0  |  255.255.255.0  |   enp0s3  |   U   |
[   10.621639] cloud-init[663]: ci-info: |   2   |   10.0.2.2   | 0.0.0.0  | 255.255.255.255 |   enp0s3  |   UH  |
[   10.624282] cloud-init[663]: ci-info: |   3   | 192.168.20.0 | 0.0.0.0  |  255.255.255.0  |   enp0s8  |   U   |
[   10.626974] cloud-init[663]: ci-info: +-------+--------------+----------+-----------------+-----------+-------+
[   10.629520] cloud-init[663]: ci-info: +++++++++++++++++++Route IPv6 info+++++++++++++++++++
[   10.650468] cloud-init[663]: ci-info: +-------+-------------+---------+-----------+-------+
[   10.652442] cloud-init[663]: ci-info: | Route | Destination | Gateway | Interface | Flags |
[   10.664172] cloud-init[663]: ci-info: +-------+-------------+---------+-----------+-------+
[   10.674580] cloud-init[663]: ci-info: |   1   |  fe80::/64  |    ::   |   enp0s3  |   U   |
[   10.676238] cloud-init[663]: ci-info: |   2   |  fe80::/64  |    ::   |   enp0s8  |   U   |
[   10.677762] cloud-init[663]: ci-info: |   4   |    local    |    ::   |   enp0s3  |   U   |
[   10.679278] cloud-init[663]: ci-info: |   5   |    local    |    ::   |   enp0s8  |   U   |
[   10.682592] cloud-init[663]: ci-info: |   6   |   ff00::/8  |    ::   |   enp0s3  |   U   |
[   10.684758] cloud-init[663]: ci-info: |   7   |   ff00::/8  |    ::   |   enp0s8  |   U   |
[   10.686848] cloud-init[663]: ci-info: +-------+-------------+---------+-----------+-------+
[[0;32m  OK  [0m] Started Initial cloud-init job (metadata service crawler).
[[0;32m  OK  [0m] Reached target System Initialization.
[[0;32m  OK  [0m] Started Message of the Day.
[[0;32m  OK  [0m] Started ACPI Events Check.
[[0;32m  OK  [0m] Reached target Paths.
[[0;32m  OK  [0m] Listening on UUID daemon activation socket.
[[0;32m  OK  [0m] Listening on Open-iSCSI iscsid Socket.
[[0;32m  OK  [0m] Started Discard unused blocks once a week.
[[0;32m  OK  [0m] Listening on ACPID Listen Socket.
         Starting LXD - unix socket.
[[0;32m  OK  [0m] Started Daily apt download activities.
[[0;32m  OK  [0m] Started Daily apt upgrade and clean activities.
[[0;32m  OK  [0m] Started Daily Cleanup of Temporary Directories.
[[0;32m  OK  [0m] Reached target Timers.
[[0;32m  OK  [0m] Listening on D-Bus System Message Bus Socket.
         Starting Socket activation for snappy daemon.
[[0;32m  OK  [0m] Reached target Network is Online.
         Starting Availability of block devices...
[[0;32m  OK  [0m] Reached target Remote File Systems (Pre).
[[0;32m  OK  [0m] Reached target Remote File Systems.
[[0;32m  OK  [0m] Reached target Cloud-config availability.
[[0;32m  OK  [0m] Listening on LXD - unix socket.
[[0;32m  OK  [0m] Listening on Socket activation for snappy daemon.
[[0;32m  OK  [0m] Started Availability of block devices.
[[0;32m  OK  [0m] Reached target Sockets.
[[0;32m  OK  [0m] Reached target Basic System.
[[0;32m  OK  [0m] Started D-Bus System Message Bus.
         Starting System Logging Service...
         Starting MySQL Community Server...
[[0;32m  OK  [0m] Started Supervisor process control system for UNIX.
         Starting LSB: automatic crash report generation...
         Starting Accounts Service...
         Starting Dispatcher daemon for systemd-networkd...
         Starting Virtualbox guest utils...
         Starting LSB: Record successful boot for GRUB...
         Starting OpenBSD Secure Shell server...
         Starting LXD - container startup/shutdown...
[[0;32m  OK  [0m] Started Deferred execution scheduler.
[[0;32m  OK  [0m] Started irqbalance daemon.
         Starting Login Service...
         Starting Permit User Sessions...
         Starting Snap Daemon...
[[0;32m  OK  [0m] Started FUSE filesystem for LXC.
[[0;32m  OK  [0m] Started Regular background program processing daemon.
[[0;32m  OK  [0m] Started System Logging Service.
[[0;32m  OK  [0m] Started Permit User Sessions.
[[0;32m  OK  [0m] Started Dispatcher daemon for systemd-networkd.
[[0;32m  OK  [0m] Started OpenBSD Secure Shell server.
[[0;32m  OK  [0m] Started Login Service.
[[0;32m  OK  [0m] Started Unattended Upgrades Shutdown.
         Starting Authorization Manager...
         Starting Hold until boot process finishes up...
         Starting Terminate Plymouth Boot Screen...
[[0;32m  OK  [0m] Started Hold until boot process finishes up.
[[0;32m  OK  [0m] Started LSB: automatic crash report generation.
[[0;32m  OK  [0m] Started Terminate Plymouth Boot Screen.
         Starting Set console scheme...
[[0;32m  OK  [0m] Started Serial Getty on ttyS0.
[[0;32m  OK  [0m] Started LXD - container startup/shutdown.
[[0;32m  OK  [0m] Started Set console scheme.
[[0;32m  OK  [0m] Created slice system-getty.slice.
[[0;32m  OK  [0m] Started Getty on tty1.
[[0;32m  OK  [0m] Reached target Login Prompts.
[[0;32m  OK  [0m] Started Authorization Manager.
[[0;32m  OK  [0m] Started Accounts Service.
[[0;32m  OK  [0m] Created slice User Slice of vagrant.
[[0;32m  OK  [0m] Started Virtualbox guest utils.
[[0;32m  OK  [0m] Started LSB: Record successful boot for GRUB.
[[0;32m  OK  [0m] Started Session 1 of user vagrant.
         Starting User Manager for UID 1000...
[[0;32m  OK  [0m] Started User Manager for UID 1000.
[[0;32m  OK  [0m] Started Snap Daemon.
         Starting Wait until snapd is fully seeded...
[[0;32m  OK  [0m] Started Wait until snapd is fully seeded.
         Starting Apply the settings specified in cloud-config...
[[0;32m  OK  [0m] Started MySQL Community Server.
[[0;32m  OK  [0m] Reached target Multi-User System.
[[0;32m  OK  [0m] Reached target Graphical Interface.
         Starting Update UTMP about System Runlevel Changes...
[[0;32m  OK  [0m] Started Update UTMP about System Runlevel Changes.
[   13.388968] cloud-init[1179]: Cloud-init v. 20.2-45-g5f7825e2-0ubuntu1~18.04.1 running 'modules:config' at Sat, 19 Sep 2020 19:21:42 +0000. Up 13.27 seconds.
[[0;32m  OK  [0m] Started Apply the settings specified in cloud-config.
         Starting Execute cloud user/final scripts...
[   14.076802] cloud-init[1262]: Cloud-init v. 20.2-45-g5f7825e2-0ubuntu1~18.04.1 running 'modules:final' at Sat, 19 Sep 2020 19:21:43 +0000. Up 13.96 seconds.
[   14.106617] cloud-init[1262]: Cloud-init v. 20.2-45-g5f7825e2-0ubuntu1~18.04.1 finished at Sat, 19 Sep 2020 19:21:43 +0000. Datasource DataSourceNoCloud [seed=/dev/sdb][dsmode=net].  Up 14.06 seconds
[[0;32m  OK  [0m] Started Execute cloud user/final scripts.
[[0;32m  OK  [0m] Reached target Cloud-init target.

Ubuntu 18.04.5 LTS bookshelf ttyS0

bookshelf login: 